border_size=1
usage=map

Gg          , Gg          , Gg          , Gg          , Md          , Gg          , Gg          , Gg          , Wo          , Hh^Fp       , Gg          , Gg          , Md          , Md          , Md          , Gg          , Gg          , Gg          
Gg          , Gg          , Gg          , Md          , Md          , Md          , Gg          , Gg          , Wo          , Hh^Fp       , Gg          , Gg          , Md          , Md          , Md          , Gg          , Gg          , Gg          
Gg          , Gg          , Gg          , Gg          , Gg          , Gg          , Gg          , Gg          , Mm^Xm       , Hh^Fp       , Gg          , Gg          , Gg          , Md          , Md          , Gg          , Gg          , Gg          
Gg          , Gg          , 1 Gg        , Gg          , Gg          , Gg          , Mm^Xm       , Mm^Xm       , Md          , Mm^Xm       , Mm          , Gg          , Gg          , Md          , Md          , 2 Md        , Gg          , Gg          
Gg          , Gg          , Gg          , Gg          , Gg          , Gg          , Gg          , Mm^Xm       , Mm^Xm       , Mm^Xm       , Gg          , Gg          , Gg          , Gg          , Gg          , Gg          , Gg          , Gg          
Gg          , Gg          , Gg          , Md          , Md          , Gg          , Gg          , Gg          , Wo          , Hh^Fp       , Hh^Fds      , Gg          , Gg          , Wwg         , Mm          , Gg          , Gg          , Gg          
Gg          , Gg          , Gg          , Gg          , Md          , Md          , Md          , Gg          , Wo          , Hh^Fp       , Hh^Fds      , Hh^Fds      , Gg          , Gg          , Gg          , Gg          , Gg          , Gg          
Gg          , Gg          , Gg          , Md          , Md          , Md          , Gg          , Gg          , Gg          , Gg          , Gg          , Hh^Fds      , Gg          , Gg          , Gg          , Gg          , Gg          , Gg          
