border_size=1
usage=map

Gg          , Gg          , Gg          , Hh          , Hh          , Hh^Fds      , Hh          , Hh          , Hh^Ft       , Gd^Fetd     
Gg          , Ea          , Gg          , Gg          , Dd          , Dd^Do       , Dd^Edpp     , Gd^Fetd     , Hh^Gvs      , Hh^Fp       
Gg          , Ms          , Gg          , Gg          , Gg          , Dd          , Dd^Do       , Gs^Ft       , Gll^Ii      , Hh^Fp       
Gg          , Gg          , Gg          , Gg          , Gg          , Dd          , Ss          , Gs^Bw\      , Rrc^Wm      , Hh          
Gg          , Gg          , Gg          , Gg          , Wot         , Dd          , Dd^Dr       , Gs^Ft       , Rp^Gvs      , Hh          
Gg          , Gg          , Gg          , Gg          , Wwrt        , Dd^Dr       , Dd          , Hh^Fp       , Gs^Fms      , Hh          
Gg          , Gg          , Ww^Ewf      , Wot         , Gg          , Gg          , Gg^Bw/      , Gd^Fetd     , Gg^Bw\      , Hh          
Gg^Gvs      , Hh^Ft       , Gg^Ecf      , Dd^Do       , Dd^Do       , Hh          , Hh          , Gd^Fetd     , Hh          , Gd^Fetd     
Gg^Gvs      , Ea          , Ea          , Ea          , Gs^Ft       , Gs^Ft       , Gg^Efm      , Gs^Ft       , Gs^Ft       , Hh          
Gg^Gvs      , Gg^Gvs      , Gg^Gvs      , Gg^Gvs      , Gg^Efm      , Gg^Efm      , Gg^Efm      , Hh          , Hh          , Gd^Fetd     
